
> tempus-total@0.1.0 test /Users/mylescook/Code/MylesMCook/TempusTotal
> vp test --run src/shared/quantity-label.test.ts


 RUN  v4.1.11 /Users/mylescook/Code/MylesMCook/TempusTotal

 ❯ src/shared/quantity-label.test.ts (31 tests | 3 failed) 40ms
   × does not propose an incomplete or sequential shopping title: Buy 3 apples and 2 pears then call Sam tomorrow at noon 2ms
   × does not propose an incomplete or sequential shopping title: Buy 3 apples and 2 pears then email Jo tomorrow 1ms
   × does not propose an incomplete or sequential shopping title: Buy 3 apples and 2 pears and tomorrow at noon 1ms

⎯⎯⎯⎯⎯⎯⎯ Failed Tests 3 ⎯⎯⎯⎯⎯⎯⎯

 FAIL  src/shared/quantity-label.test.ts > does not propose an incomplete or sequential shopping title: Buy 3 apples and 2 pears then call Sam tomorrow at noon
AssertionError: expected { …(3) } to be undefined

- Expected:
undefined

+ Received:
{
  "choices": [
    {
      "expression": "tomorrow at noon",
      "id": "event:title",
      "label": "Use “Buy 3 apples and 2 pears then call Sam”",
    },
  ],
  "contextKey": "[\"Buy 3 apples and 2 pears then call Sam tomorrow at noon\",\"America/Chicago\",\"2026-09-12T16:00:00Z\"]",
  "question": "Use “Buy 3 apples and 2 pears then call Sam” as the event title?",
}

 ❯ src/shared/quantity-label.test.ts:125:66
    123|   const result = interpretDate(input, context);
    124|   expect(result.status).not.toBe("resolved");
    125|   if (result.status !== "resolved") expect(result.clarification).toBeU…
       |                                                                  ^
    126|   expect(prepareCalendarFile(result, metadata).ok).toBe(false);
    127| });

⎯⎯⎯⎯⎯⎯⎯⎯⎯⎯⎯⎯⎯⎯⎯⎯⎯⎯⎯⎯⎯⎯⎯⎯[1/3]⎯

 FAIL  src/shared/quantity-label.test.ts > does not propose an incomplete or sequential shopping title: Buy 3 apples and 2 pears then email Jo tomorrow
AssertionError: expected { …(3) } to be undefined

- Expected:
undefined

+ Received:
{
  "choices": [
    {
      "expression": "tomorrow",
      "id": "event:title",
      "label": "Use “Buy 3 apples and 2 pears then email Jo”",
    },
  ],
  "contextKey": "[\"Buy 3 apples and 2 pears then email Jo tomorrow\",\"America/Chicago\",\"2026-09-12T16:00:00Z\"]",
  "question": "Use “Buy 3 apples and 2 pears then email Jo” as the event title?",
}

 ❯ src/shared/quantity-label.test.ts:125:66
    123|   const result = interpretDate(input, context);
    124|   expect(result.status).not.toBe("resolved");
    125|   if (result.status !== "resolved") expect(result.clarification).toBeU…
       |                                                                  ^
    126|   expect(prepareCalendarFile(result, metadata).ok).toBe(false);
    127| });

⎯⎯⎯⎯⎯⎯⎯⎯⎯⎯⎯⎯⎯⎯⎯⎯⎯⎯⎯⎯⎯⎯⎯⎯[2/3]⎯

 FAIL  src/shared/quantity-label.test.ts > does not propose an incomplete or sequential shopping title: Buy 3 apples and 2 pears and tomorrow at noon
AssertionError: expected { …(3) } to be undefined

- Expected:
undefined

+ Received:
{
  "choices": [
    {
      "expression": "tomorrow at noon",
      "id": "event:title",
      "label": "Use “Buy 3 apples and 2 pears and”",
    },
  ],
  "contextKey": "[\"Buy 3 apples and 2 pears and tomorrow at noon\",\"America/Chicago\",\"2026-09-12T16:00:00Z\"]",
  "question": "Use “Buy 3 apples and 2 pears and” as the event title?",
}

 ❯ src/shared/quantity-label.test.ts:125:66
    123|   const result = interpretDate(input, context);
    124|   expect(result.status).not.toBe("resolved");
    125|   if (result.status !== "resolved") expect(result.clarification).toBeU…
       |                                                                  ^
    126|   expect(prepareCalendarFile(result, metadata).ok).toBe(false);
    127| });

⎯⎯⎯⎯⎯⎯⎯⎯⎯⎯⎯⎯⎯⎯⎯⎯⎯⎯⎯⎯⎯⎯⎯⎯[3/3]⎯


 Test Files  1 failed (1)
      Tests  3 failed | 28 passed (31)
   Start at  13:38:31
   Duration  236ms (transform 85ms, setup 0ms, import 121ms, tests 40ms, environment 0ms)

 ELIFECYCLE  Test failed. See above for more details.
