
> tempus-total@0.1.0 build /Users/mylescook/Code/MylesMCook/TempusTotal
> tsc -b && vp build

transforming...
✓ 858 modules transformed.
rendering chunks...
computing gzip size...
dist/tempus_total/.vite/manifest.json    0.15 kB │ gzip:   0.11 kB
dist/tempus_total/wrangler.json          1.54 kB │ gzip:   0.80 kB
dist/tempus_total/index.js             771.64 kB │ gzip: 185.91 kB

✓ built in 48ms
transforming...
✓ 2466 modules transformed.
rendering chunks...
computing gzip size...
dist/client/.assetsignore                                     0.02 kB
dist/client/index.html                                        0.55 kB │ gzip:   0.34 kB
dist/client/assets/calendar-preparation.worker-C6FrfWud.js  511.65 kB
dist/client/assets/index-CKJTC99k.css                        56.36 kB │ gzip:  10.48 kB
dist/client/assets/index-D60F5TbL.js                        900.93 kB │ gzip: 264.76 kB

✓ built in 419ms
[plugin builtin:vite-reporter] 
(!) Some chunks are larger than 500 kB after minification. Consider:
- Using dynamic import() to code-split the application
- Use build.rolldownOptions.output.codeSplitting to improve chunking: https://rolldown.rs/reference/OutputOptions.codeSplitting
- Adjust chunk size limit for this warning via build.chunkSizeWarningLimit.
