Scope: all 3 workspace projects
Lockfile is up to date, resolution step is skipped
Progress: resolved 1, reused 0, downloaded 0, added 0
Packages: +505
++++++++++++++++++++++++++++++++++++++++++++++++++++++++++++++++++++++++++++++++
Progress: resolved 505, reused 505, downloaded 0, added 409
Progress: resolved 505, reused 505, downloaded 0, added 504
Progress: resolved 505, reused 505, downloaded 0, added 505, done

dependencies:
+ @hookform/resolvers 3.9.1
+ @js-temporal/polyfill 0.5.1
+ @radix-ui/react-accordion 1.2.2
+ @radix-ui/react-alert-dialog 1.1.4
+ @radix-ui/react-aspect-ratio 1.1.1
+ @radix-ui/react-avatar 1.1.2
+ @radix-ui/react-checkbox 1.1.3
+ @radix-ui/react-collapsible 1.1.2
+ @radix-ui/react-context-menu 2.2.4
+ @radix-ui/react-dialog 1.1.4
+ @radix-ui/react-dropdown-menu 2.1.4
+ @radix-ui/react-hover-card 1.1.4
+ @radix-ui/react-label 2.1.1
+ @radix-ui/react-menubar 1.1.4
+ @radix-ui/react-navigation-menu 1.2.3
+ @radix-ui/react-popover 1.1.4
+ @radix-ui/react-progress 1.1.1
+ @radix-ui/react-radio-group 1.2.2
+ @radix-ui/react-scroll-area 1.2.2
+ @radix-ui/react-select 2.1.4
+ @radix-ui/react-separator 1.1.1
+ @radix-ui/react-slider 1.2.2
+ @radix-ui/react-slot 1.1.1
+ @radix-ui/react-switch 1.1.2
+ @radix-ui/react-tabs 1.1.2
+ @radix-ui/react-toast 1.2.4
+ @radix-ui/react-toggle 1.1.1
+ @radix-ui/react-toggle-group 1.1.1
+ @radix-ui/react-tooltip 1.1.6
+ autoprefixer 10.4.20
+ class-variance-authority 0.7.1
+ clsx 2.1.1
+ cmdk 1.0.4
+ date-fns 4.1.0
+ date-fns-tz 3.2.0
+ embla-carousel-react 8.5.1
+ input-otp 1.4.1
+ lru-cache 11.1.0
+ lucide-react 0.454.0
+ react 19.2.4
+ react-day-picker 8.10.1
+ react-dom 19.2.4
+ react-hook-form 7.54.1
+ react-resizable-panels 2.1.7
+ react-router-dom 7.18.3
+ recharts 2.15.0
+ sonner 1.7.1
+ tailwind-merge 2.5.5
+ tailwindcss-animate 1.0.7
+ vaul 0.9.6
+ zod 3.24.1

devDependencies:
+ @cloudflare/vite-plugin 1.54.8
+ @eslint/js 9.39.4
+ @types/node 24.12.0
+ @types/react 19.2.14
+ @types/react-dom 19.2.3
+ @vitejs/plugin-react 6.0.1
+ eslint 9.39.4
+ eslint-plugin-react-hooks 7.0.1
+ eslint-plugin-react-refresh 0.5.2
+ globals 17.4.0
+ gpu-time 0.2.1
+ ical.js 2.2.1
+ postcss 8.5.28
+ tailwindcss 3.4.17
+ typescript 5.9.3
+ typescript-eslint 8.57.2
+ vite <- @voidzero-dev/vite-plus-core 0.3.1
+ vite-plus 0.3.1
+ wrangler 4.131.1

Done in 2.3s using pnpm v10.33.0
