
> tempus-total@0.1.0 build /Users/mylescook/Code/MylesMCook/TempusTotal
> tsc -b && vp build

transforming...
✓ 858 modules transformed.
rendering chunks...
computing gzip size...
dist/tempus_total/.vite/manifest.json    0.15 kB │ gzip:   0.11 kB
dist/tempus_total/wrangler.json          1.54 kB │ gzip:   0.80 kB
dist/tempus_total/index.js             771.56 kB │ gzip: 185.89 kB

✓ built in 48ms
transforming...
✓ 2466 modules transformed.
rendering chunks...
computing gzip size...
dist/client/.assetsignore                                     0.02 kB
dist/client/index.html                                        0.55 kB │ gzip:   0.34 kB
dist/client/assets/calendar-preparation.worker-k1B3UWDT.js  511.64 kB
dist/client/assets/index-BZuWK7jr.css                        56.33 kB │ gzip:  10.47 kB
dist/client/assets/index-BSPhp0SE.js                        900.16 kB │ gzip: 264.54 kB

✓ built in 465ms
